<?xml version="1.0"?>
<div>
  <button class="btn btn-primary">
    Click me!
</button>
</div>
